// Jest Snapshot v1, https://goo.gl/fbAQLP

exports[`eslint-plugin-ignore-generated works 1`] = `""`;

exports[`eslint-plugin-ignore-generated works 2`] = `
"
/Users/asuarez/Downloads/eslint-plugin-ignore-generated/__tests__/__fixtures__/eslint-project/non-generated-file.js
  3:1  error  'this_variable_should_be_an_error' is not defined  no-undef

âœ– 1 problem (1 error, 0 warnings)

"
`;
